###############################################################################
#                                                                             #
# NutStudio RPN compiler for Nut, version 3.0.0         15/Jan/2018  18:51:15 #
#                                                                             #
# Command Line: -l -I../module-descriptor CJC.rpn                             #
#                                                                             #
###############################################################################

0000                    .section FAT
0000 ......             .fatrpn CJC
0000                    .section RPN
0000 00d240             ;; COPY header
0002 1cc000               01 LBL "CJC"
0004 0f4000
0006 04304a
0008 043
0009 114010               02 40
000b 145                  03 X>Y?
000c 1b20ab               04 GTO 01
000e 175                  05 RDN
000f 112014               06 24 E5
0011 01b015
0013 141                  07 -
0014 183                  08 ENTER^
0015 168                  09 INT
0016 111016               10 16.111858
0018 01a011
001a 011011
001c 018015
001e 018
001f 171                  11 X<>Y
0020 1a608d               12 DATE+
0022 171                  13 X<>Y
0023 169                  14 FRC
0024 112014               15 24
0026 142                  16 *
0027 16c                  17 HMS
0028 111012               18 12
002a 145                  19 X>Y?
002b 1b1088               20 GTO 00
002d 141                  21 -
002e 171                  22 X<>Y
002f 111                  23 1
0030 1a608d               24 DATE+
0032 184                  25 STOP
0033 1b2084               26 GTO 01
0035 101                  27 LBL 00
0036 140                  28 +
0037 171                  29 X<>Y
0038 184                  30 STOP
0039 102                  31 LBL 01
003a 175                  32 RDN
003b 111016               33 16.111858
003d 01a011
003f 011011
0041 018015
0043 018
0044 1a608e               34 DDAYS
0046 154                  35 CHS
0047 112014               36 24 E5
0049 01b015
004b 140                  37 +
004c 184                  38 STOP
004d 171                  39 X<>Y
004e 16d                  40 HR
004f 112014               41 24
0051 143                  42 /
0052 11a015               43 .5
0054 141                  44 -
0055 184                  45 STOP
0056 140                  46 +
0057 1c200c               47 END
0059 22f

##########################
#                        #
# Memory sizes (decimal) #
#                        #
##########################

Executable      (Text): 92 words
