###############################################################################
#                                                                             #
# NutStudio RPN compiler for Nut, version 3.0.0         14/Jan/2018  19:36:34 #
#                                                                             #
# Command Line: -l -I../module-descriptor DMD.rpn                             #
#                                                                             #
###############################################################################

0000                    .section FAT
0000 ......             .fatrpn DMD
0000                    .section RPN
0000 004220             ;; COPY header
0002 1c2001               01 LBL "DMD"
0004 0f4000
0006 04404d
0008 044
0009 183                  02 ENTER^
000a 169                  03 FRC
000b 111010               04 100
000d 010
000e 142                  05 *
000f 171                  06 X<>Y
0010 168                  07 INT
0011 111010               08 100
0013 010
0014 143                  09 /
0015 140                  10 +
0016 1cc002               11 END
0018 22f

##########################
#                        #
# Memory sizes (decimal) #
#                        #
##########################

Executable      (Text): 27 words
