###############################################################################
#                                                                             #
# NutStudio RPN compiler for Nut, version 3.0.0         14/Jan/2018  20:35:53 #
#                                                                             #
# Command Line: -l -I../module-descriptor DWD.rpn                             #
#                                                                             #
###############################################################################

0000                    .section FAT
0000 ......             .fatrpn `D-W`
0002 ......             .fatrpn `W-D`
0000                    .section RPN
0000 00f230             ;; COPY header
0002 1c0001               01 LBL "D-W"
0004 0f4000
0006 04402d
0008 057
0009 183                  02 ENTER^
000a 183                  03 ENTER^
000b 1e002b               04 XEQ 01
000d 081
000e 171                  05 X<>Y
000f 1a608e               06 DDAYS
0011 117                  07 7
0012 143                  08 /
0013 11201a               09 2.1
0015 011
0016 140                  10 +
0017 168                  11 INT
0018 185                  12 RTN
0019 1c4003               13 LBL "W-D"
001b 0f4000
001d 05702d
001f 044
0020 183                  14 ENTER^
0021 168                  15 INT
0022 179                  16 X≠Y?
0023 1a8005               17 SF 05
0025 112                  18 2
0026 141                  19 -
0027 117                  20 7
0028 142                  21 *
0029 1aa005               22 FS?C 05
002b 1b30aa               23 GTO 02
002d 1a608c               24 DATE
002f 104                  25 LBL 03
0030 1e0006               26 XEQ 01
0032 081
0033 171                  27 X<>Y
0034 1a608d               28 DATE+
0036 185                  29 RTN
0037 102                  30 LBL 01
0038 111010               31 100
003a 010
003b 142                  32 *
003c 169                  33 FRC
003d 111010               34 100
003f 010
0040 143                  35 /
0041 1ad01f               36 FC? 31
0043 11101a               37 1.04
0045 010014
0047 1ac01f               38 FS? 31
0049 11401a               39 4.01
004b 010011
004d 140                  40 +
004e 183                  41 ENTER^
004f 1a6090               42 DOW
0051 118                  43 8
0052 141                  44 -
0053 154                  45 CHS
0054 1a608d               46 DATE+
0056 185                  47 RTN
0057 103                  48 LBL 02
0058 171                  49 X<>Y
0059 169                  50 FRC
005a 111010               51 100
005c 010
005d 143                  52 /
005e 11101a               53 1.1
0060 011
0061 140                  54 +
0062 1b4035               55 GTO 03
0064 1ca00a               56 END
0066 22f

##########################
#                        #
# Memory sizes (decimal) #
#                        #
##########################

Executable      (Text): 107 words
