###############################################################################
#                                                                             #
# NutStudio RPN compiler for Nut, version 3.0.0         15/Jan/2018  23:28:20 #
#                                                                             #
# Command Line: -l -I../module-descriptor FILE.rpn                            #
#                                                                             #
###############################################################################

0000                    .section FAT
0000 ......             .fatrpn FILE
0000                    .section RPN
0000 015250             ;; COPY header
0002 1ca000               01 LBL "FILE"
0004 0f5000
0006 046049
0008 04c045
000a 1f5056               02 "V:0.4"
000c 03a030
000e 02e034
0010 1a8019               03 SF 25
0012 110                  04 0
0013 1a606b               05 SEEKPTA
0015 1ab019               06 FC?C 25
0017 ......               07 CURXMFL
0019 17e                  08 AVIEW
001a 189                  09 PSE
001b 1fe02b               10 "+. .+ +1 +X ED"
001d 02e020
001f 02e02b
0021 02002b
0023 031020
0025 02b058
0027 020045
0029 044
002a 18e                  11 PROMPT
002b 1fd02d               12 "- .+a -1 S ><"
002d 02002e
002f 02b061
0031 02002d
0033 031020
0035 053020
0037 03e03c
0039 18e                  13 PROMPT
003a ......               14 CURXMFL
003c 184                  15 STOP
003d 1b10c9               16 GTO 00
003f 1cf066               17 LBL A
0041 1a6061               18 RCLPT
0043 111                  19 1
0044 141                  20 -
0045 1a606a               21 SEEKPT
0047 1cf067               22 LBL B
0049 ......               23 XROM "FLSZ+"
004b 1a6059               24 INSREC
004d 1b10b9               25 GTO 00
004f 1cf07b               26 LBL a
0051 1a6061               27 RCLPT
0053 111                  28 1
0054 141                  29 -
0055 1a606a               30 SEEKPT
0057 1a604d               31 DELREC
0059 1b10ad               32 GTO 00
005b 1cf07c               33 LBL b
005d 1a6043               34 APPCHR
005f 1b10a7               35 GTO 00
0061 1cf068               36 LBL C
0063 111                  37 1
0064 1d0006               38 GTO D
0066 0e9
0067 1cf07d               39 LBL c
0069 11c011               40 -1
006b 1cf069               41 LBL D
006d 168                  42 INT
006e 111                  43 1
006f 141                  44 -
0070 1a606a               45 SEEKPT
0072 1b1094               46 GTO 00
0074 1cf07e               47 LBL d
0076 ......               48 XROM "FLSORT"
0078 110                  49 0
0079 1a606a               50 SEEKPT
007b 1b108b               51 GTO 00
007d 1cf06a               52 LBL E
007f 187                  53 CLA
0080 1a6073               54 ED
0082 1b1084               55 GTO 00
0084 1cf07f               56 LBL e
0086 ......               57 XROM "FLSZ-"
0088 101                  58 LBL 00
0089 1a6061               59 RCLPT
008b 1a6054               60 GETREC
008d 18e                  61 PROMPT
008e 1b1008               62 GTO 00
0090 1c4014               63 END
0092 22f

##########################
#                        #
# Memory sizes (decimal) #
#                        #
##########################

Executable      (Text): 149 words
