###############################################################################
#                                                                             #
# NutStudio RPN compiler for Nut, version 3.0.0         15/Jan/2018  18:54:35 #
#                                                                             #
# Command Line: -l -I../module-descriptor NOTES.rpn                           #
#                                                                             #
###############################################################################

0000                    .section FAT
0000 ......             .fatrpn NOTES
0002 ......             .fatrpn `N+`
0000                    .section RPN
0000 015220             ;; COPY header
0002 1c2001               01 LBL "NOTES"
0004 0f6000
0006 04e04f
0008 054045
000a 053
000b 1f6056               02 "V. 0.3"
000d 02e020
000f 03002e
0011 033
0012 102                  03 LBL 01
0013 1e006f               04 XEQ 03
0015 083
0016 1ff02b               05 "+,- L,E ? S,/ *"
0018 02c02d
001a 02004c
001c 02c045
001e 02003f
0020 020053
0022 02c02f
0024 02002a
0026 17e                  06 AVIEW
0027 187                  07 CLA
0028 184                  08 STOP
0029 1b2019               09 GTO 01
002b 1cc005               10 LBL "N+"
002d 0f3000
002f 04e02b
0031 1cf066               11 LBL A
0033 19a001               12 ASTO 01
0035 188                  13 ASHF
0036 19a002               14 ASTO 02
0038 188                  15 ASHF
0039 19a003               16 ASTO 03
003b 188                  17 ASHF
003c 19a004               18 ASTO 04
003e 1e0044               19 XEQ 03
0040 083
0041 ......               20 XROM "FLSZ+"
0043 19b001               21 ARCL 01
0045 19b002               22 ARCL 02
0047 19b003               23 ARCL 03
0049 19b004               24 ARCL 04
004b 1a6059               25 INSREC
004d 185                  26 RTN
004e 1b203e               27 GTO 01
0050 1cf07b               28 LBL a
0052 1a604d               29 DELREC
0054 1b2044               30 GTO 01
0056 1cf067               31 LBL B
0058 1a6054               32 GETREC
005a 1ac037               33 FS? 55
005c 1a7048               34 PRA
005e 17e                  35 AVIEW
005f 1ad037               36 FC? 55
0061 185                  37 RTN
0062 1d000d               38 GTO B
0064 067
0065 1cf07c               39 LBL b
0067 187                  40 CLA
0068 1a6073               41 ED
006a 1b205a               42 GTO 01
006c 1cf068               43 LBL C
006e 110                  44 0
006f 1a606a               45 SEEKPT
0071 1a605d               46 POSFL
0073 185                  47 RTN
0074 1cf069               48 LBL D
0076 ......               49 XROM "FLSORT"
0078 1b2068               50 GTO 01
007a 1cf07e               51 LBL d
007c 187                  52 CLA
007d ......               53 XROM "FLSZ-"
007f 1cf06a               54 LBL E
0081 1b2071               55 GTO 01
0083 104                  56 LBL 03
0084 1f504e               57 "NOTES"
0086 04f054
0088 045053
008a 110                  58 0
008b 1a606b               59 SEEKPTA
008d 1c000e               60 END
008f 22f

##########################
#                        #
# Memory sizes (decimal) #
#                        #
##########################

Executable      (Text): 148 words
