###############################################################################
#                                                                             #
# NutStudio RPN compiler for Nut, version 3.0.0         15/Jan/2018  23:39:01 #
#                                                                             #
# Command Line: -l -I../module-descriptor TIMER.rpn                           #
#                                                                             #
###############################################################################

0000                    .section FAT
0000 ......             .fatrpn TIMER
0002 ......             .fatrpn `T+`
0000                    .section RPN
0000 008210             ;; COPY header
0002 1c4001               01 LBL "TIMER"
0004 0f6000
0006 054049
0008 04d045
000a 052
000b 183                  02 ENTER^
000c 1a609c               03 TIME
000e 171                  04 X<>Y
000f 14b                  05 MOD
0010 1a609c               06 TIME
0012 171                  07 X<>Y
0013 14a                  08 HMS-
0014 190072               09 RCL Y
0016 149                  10 HMS+
0017 1a608c               11 DATE
0019 171                  12 X<>Y
001a 1f305e               13 "^T+"
001c 05402b
001e 1a609d               14 XYZALM
0020 1c4004               15 LBL "T+"
0022 0f3000
0024 05402b
0026 19f009               16 TONE 09
0028 19f009               17 TONE 09
002a 18d                  18 OFF
002b 1f305e               19 "^T+"
002d 05402b
002f 1a609f               20 CLALMA
0031 1c6002               21 END
0033 22f

##########################
#                        #
# Memory sizes (decimal) #
#                        #
##########################

Executable      (Text): 56 words
